Performing system checks...

System check identified no issues (0 silenced).
August 30, 2026 - 09:07:45
Django version 6.1, using settings 'config.settings'
Starting WSGI development server at http://127.0.0.1:8000/
Quit the server with CTRL-BREAK.

WARNING: This is a development server. Do not use it in a production setting. Use a production WSGI or ASGI server instead.
For more information on production servers see: https://docs.djangoproject.com/en/6.1/howto/deployment/
Content-Type: text/plain; charset="utf-8"
Content-Transfer-Encoding: quoted-printable
MIME-Version: 1.0
Subject: Reset your Dr Rashel Jo password
From: Dr Rashel Jo <no-reply@dr-rasheljo.com>
To: admin@example.com
Date: Sun, 30 Aug 2026 06:08:23 +0000
Message-ID: <178807010367.1420.6484772272529058256@LENOVO88AX>

We received a request to reset the password for your Dr Rashel Jo account.

Choose a new password here:
http://localhost:8000/en/reset-password/?uid=3DMQ&token=3Dde49dz-e1983529496f=
72896c841faa13cfb8a1

This link is valid for a limited time. If you didn't request this, you can sa=
fely ignore this email.

-------------------------------------------------------------------------------
Content-Type: text/plain; charset="utf-8"
Content-Transfer-Encoding: base64
MIME-Version: 1.0
Subject: =?utf-8?b?2KXYudin2K/YqSDYqti52YrZitmGINmD2YTZhdipINin2YTZhdix2Yg=?=
 =?utf-8?b?2LEg4oCU?= Dr Rashel Jo
From: Dr Rashel Jo <no-reply@dr-rasheljo.com>
To: admin@example.com
Date: Sun, 30 Aug 2026 06:08:29 +0000
Message-ID: <178807010972.1420.11609668542214484112@LENOVO88AX>

2KrZhNmC2ZHZitmG2Kcg2LfZhNio2YvYpyDZhNil2LnYp9iv2Kkg2KrYudmK2YrZhiDZg9mE2YXY
qSDZhdix2YjYsSDYrdiz2KfYqNmDINmB2YogRHIgUmFzaGVsIEpvLgoK2YTYp9iu2KrZitin2LEg
2YPZhNmF2Kkg2YXYsdmI2LEg2KzYr9mK2K/YqdiMINin2YHYqtit2Yog2YfYsNinINin2YTYsdin
2KjYtzoKaHR0cDovL2xvY2FsaG9zdDo4MDAwL2FyL3Jlc2V0LXBhc3N3b3JkLz91aWQ9TVEmdG9r
ZW49ZGU0OWU1LWY2ZWExMGJlNGEwYWE5NzI0Yzg2ZTYzZTBiNTE2NzFiCgrYp9mE2LHYp9io2Lcg
2LXYp9mE2K0g2YTZgdiq2LHYqSDZhdit2K/ZiNiv2KkuINil2LDYpyDZhNmFINiq2LfZhNio2Yog
2LDZhNmD2Iwg2YrZhdmD2YbZgyDYqtis2KfZh9mEINmH2LDZhyDYp9mE2LHYs9in2YTYqSDYqNij
2YXYp9mGLgo=

-------------------------------------------------------------------------------
