[30/Aug/2026 08:39:51] "GET /en/skin-quiz/ HTTP/1.1" 200 39836
[30/Aug/2026 08:40:01] "GET /en/skin-quiz/ HTTP/1.1" 200 39836
[30/Aug/2026 08:40:01] "GET /static/storefront/css/app.css HTTP/1.1" 304 0
[30/Aug/2026 08:40:01] "GET /favicon.ico HTTP/1.1" 404 5067
[30/Aug/2026 08:40:10] "GET /en/skin-quiz/?result=oily-skin HTTP/1.1" 200 15614
[30/Aug/2026 08:40:11] "GET /media/products/DRL-1949-0-l-15-1.jpeg HTTP/1.1" 200 63713
[30/Aug/2026 08:40:11] "GET /media/products/DRL-1947-0-l-13-1.jpeg HTTP/1.1" 200 48854
[30/Aug/2026 08:40:11] "GET /media/products/DRL-1858-0-l-10-4.jpeg HTTP/1.1" 200 46684
[30/Aug/2026 08:40:11] "GET /media/products/DRL-1944-0-l-10-1.jpeg HTTP/1.1" 200 44823
[30/Aug/2026 08:40:17,068] - Broken pipe from ('127.0.0.1', 49827)
[30/Aug/2026 08:40:17,189] - Broken pipe from ('127.0.0.1', 51625)
[30/Aug/2026 08:40:17,190] - Broken pipe from ('127.0.0.1', 50632)
[30/Aug/2026 08:40:17,190] - Broken pipe from ('127.0.0.1', 57510)
[30/Aug/2026 08:40:38] "GET /ar/skin-quiz/ HTTP/1.1" 200 40713
[30/Aug/2026 08:40:38] "GET /static/storefront/css/app.css HTTP/1.1" 304 0
[30/Aug/2026 08:40:39] "GET /favicon.ico HTTP/1.1" 404 5067
[30/Aug/2026 08:40:42,771] - Broken pipe from ('127.0.0.1', 64620)
[30/Aug/2026 08:40:51] "GET /ar/skin-quiz/ HTTP/1.1" 200 40713
[30/Aug/2026 08:40:52] "GET /favicon.ico HTTP/1.1" 404 5067
[30/Aug/2026 08:41:01] "GET /ar/skin-quiz/?result=oily-skin HTTP/1.1" 200 16136
[30/Aug/2026 08:41:07,665] - Broken pipe from ('127.0.0.1', 64768)
[30/Aug/2026 08:42:41] "GET /admin/login/ HTTP/1.1" 200 20872
[30/Aug/2026 08:42:44] "GET /en/ HTTP/1.1" 200 61203
[30/Aug/2026 08:42:47] "GET /ar/shop/ HTTP/1.1" 200 160020
[30/Aug/2026 08:45:23] "GET /favicon.ico HTTP/1.1" 404 5067
[30/Aug/2026 08:45:25] "GET /admin/login/?next=/admin/catalog/product/ HTTP/1.1" 200 20901
[30/Aug/2026 08:50:24] "GET / HTTP/1.1" 302 0
[30/Aug/2026 08:50:27] "GET /en/ HTTP/1.1" 200 61203
[30/Aug/2026 08:50:30] "GET /ar/ HTTP/1.1" 200 62931
[2026-08-30 08:50:32,674] ERROR django.request: Service Unavailable: /api/v1/health/
[30/Aug/2026 08:50:32] "GET /api/v1/health/ HTTP/1.1" 503 96
[30/Aug/2026 08:50:35] "GET /api/v1/products/ HTTP/1.1" 200 13390
[30/Aug/2026 08:50:37] "GET /admin/login/ HTTP/1.1" 200 20872
[30/Aug/2026 08:50:37] "GET /robots.txt HTTP/1.1" 200 282
[30/Aug/2026 08:50:40] "GET /sitemap.xml HTTP/1.1" 200 600509
[30/Aug/2026 08:50:40] "GET /en/skin-quiz/ HTTP/1.1" 200 39836
[30/Aug/2026 08:52:07] "POST /admin/login/?next=/admin/catalog/product/ HTTP/1.1" 302 0
[30/Aug/2026 08:52:14] "GET /admin/catalog/product/ HTTP/1.1" 200 551701
[30/Aug/2026 08:52:14] "GET /static/unfold/fonts/inter/styles.css HTTP/1.1" 304 0
[30/Aug/2026 08:52:14] "GET /static/unfold/fonts/material-symbols/styles.css HTTP/1.1" 304 0
[30/Aug/2026 08:52:14] "GET /static/unfold/css/styles.css HTTP/1.1" 304 0
[30/Aug/2026 08:52:14] "GET /static/unfold/js/chart/chart.js HTTP/1.1" 304 0
[30/Aug/2026 08:52:14] "GET /static/unfold/js/htmx/htmx.js HTTP/1.1" 304 0
[30/Aug/2026 08:52:14] "GET /static/admin/js/vendor/jquery/jquery.js HTTP/1.1" 304 0
[30/Aug/2026 08:52:14] "GET /static/admin/js/jquery.init.js HTTP/1.1" 304 0
[30/Aug/2026 08:52:14] "GET /static/admin/js/core.js HTTP/1.1" 304 0
[30/Aug/2026 08:52:14] "GET /static/admin/js/admin/RelatedObjectLookups.js HTTP/1.1" 304 0
[30/Aug/2026 08:52:14] "GET /static/admin/js/actions.js HTTP/1.1" 304 0
[30/Aug/2026 08:52:14] "GET /static/admin/js/urlify.js HTTP/1.1" 304 0
[30/Aug/2026 08:52:14] "GET /static/admin/js/prepopulate.js HTTP/1.1" 304 0
[30/Aug/2026 08:52:14] "GET /static/admin/js/vendor/xregexp/xregexp.js HTTP/1.1" 304 0
[30/Aug/2026 08:52:14] "GET /static/unfold/js/app.js HTTP/1.1" 304 0
[30/Aug/2026 08:52:14] "GET /static/unfold/js/alpine/alpine.anchor.js HTTP/1.1" 304 0
[30/Aug/2026 08:52:14] "GET /static/unfold/js/alpine/alpine.persist.js HTTP/1.1" 304 0
[30/Aug/2026 08:52:14] "GET /static/unfold/js/alpine/alpine.sort.js HTTP/1.1" 304 0
[30/Aug/2026 08:52:14] "GET /static/unfold/js/alpine/alpine.focus.js HTTP/1.1" 304 0
[30/Aug/2026 08:52:14] "GET /static/unfold/js/alpine/alpine.resize.js HTTP/1.1" 304 0
[30/Aug/2026 08:52:14] "GET /static/unfold/js/alpine/alpine.js HTTP/1.1" 304 0
[30/Aug/2026 08:52:16] "GET /admin/jsi18n/ HTTP/1.1" 200 3342
[30/Aug/2026 08:52:16] "GET /static/unfold/fonts/material-symbols/Material-Symbols-Outlined.woff2 HTTP/1.1" 304 0
[30/Aug/2026 08:52:16] "GET /static/unfold/fonts/inter/Inter-SemiBold.woff2 HTTP/1.1" 304 0
[30/Aug/2026 08:52:16] "GET /static/unfold/fonts/inter/Inter-Regular.woff2 HTTP/1.1" 304 0
[30/Aug/2026 08:52:16] "GET /static/unfold/fonts/inter/Inter-Medium.woff2 HTTP/1.1" 304 0
[30/Aug/2026 08:52:33] "GET /admin/ HTTP/1.1" 200 92390
[30/Aug/2026 08:53:00] "GET /admin/orders/order/ HTTP/1.1" 200 219187
[30/Aug/2026 08:53:01] "GET /admin/jsi18n/ HTTP/1.1" 200 3342
[30/Aug/2026 08:53:32] "GET /admin/notify/notification/ HTTP/1.1" 200 75811
[30/Aug/2026 08:53:34] "GET /admin/jsi18n/ HTTP/1.1" 200 3342
[30/Aug/2026 08:57:58] "GET /en/logout/ HTTP/1.1" 302 0
[30/Aug/2026 08:58:02] "GET /en/ HTTP/1.1" 200 61203
[30/Aug/2026 08:58:02,851] - Broken pipe from ('127.0.0.1', 58014)
[30/Aug/2026 08:58:02,852] - Broken pipe from ('127.0.0.1', 63520)
[30/Aug/2026 08:58:03] "GET /media/homepage/videos/ES0177-0182.mp4 HTTP/1.1" 200 33517190
[30/Aug/2026 08:58:03] "GET /media/homepage/videos/dr-rashel-hero-video.mp4 HTTP/1.1" 200 43818239
[30/Aug/2026 08:58:03,717] - Broken pipe from ('127.0.0.1', 50172)
[30/Aug/2026 08:58:05] "GET /en/cart/ HTTP/1.1" 200 19537
[30/Aug/2026 08:58:05,580] - Broken pipe from ('127.0.0.1', 54775)
[30/Aug/2026 08:58:05,582] - Broken pipe from ('127.0.0.1', 58561)
[30/Aug/2026 08:58:05,584] - Broken pipe from ('127.0.0.1', 56014)
[30/Aug/2026 08:58:11] "GET /en/shop/ HTTP/1.1" 200 156287
[30/Aug/2026 08:58:11] "GET /media/products/DRL-1927-0-l-12-8.jpeg HTTP/1.1" 304 0
[30/Aug/2026 08:58:11] "GET /media/products/DRL-1925-0-l-10-9.jpeg HTTP/1.1" 304 0
[30/Aug/2026 08:58:11] "GET /media/products/DRL-1928-0-l-13-9.jpeg HTTP/1.1" 304 0
[30/Aug/2026 08:58:11] "GET /media/products/DRL-1926-0-l-11-5.jpeg HTTP/1.1" 304 0
[30/Aug/2026 08:58:11] "GET /media/products/DRL-1944-0-l-10-1.jpeg HTTP/1.1" 304 0
[30/Aug/2026 08:58:11] "GET /media/products/DRL-1949-0-l-15-1.jpeg HTTP/1.1" 304 0
[30/Aug/2026 08:58:11] "GET /media/products/DRL-1947-0-l-13-1.jpeg HTTP/1.1" 304 0
[30/Aug/2026 08:58:11] "GET /media/products/DRL-2020-0-l-14-copy-1.jpeg HTTP/1.1" 304 0
[30/Aug/2026 08:58:11] "GET /media/products/DRL-1858-0-l-10-4.jpeg HTTP/1.1" 304 0
[30/Aug/2026 08:58:11] "GET /media/products/DRL-1968-0-l-14-3.jpeg HTTP/1.1" 304 0
[30/Aug/2026 08:58:11] "GET /media/products/DRL-1859-0-l-11-1.jpeg HTTP/1.1" 304 0
[30/Aug/2026 08:58:11] "GET /media/products/DRL-1861-0-l-13-2.jpeg HTTP/1.1" 304 0
[30/Aug/2026 08:58:11] "GET /media/products/DRL-1862-0-l-14-4.jpeg HTTP/1.1" 304 0
[30/Aug/2026 08:58:20] "POST /en/_/cart/add/ HTTP/1.1" 200 3173
[30/Aug/2026 08:58:23] "GET /media/products/DRL-2019-0-l-12-copy.jpeg HTTP/1.1" 304 0
[30/Aug/2026 08:58:23] "GET /media/products/DRL-1911-0-l-11-2.jpeg HTTP/1.1" 304 0
[30/Aug/2026 08:58:23] "GET /media/products/DRL-1863-0-l-15-2.jpeg HTTP/1.1" 304 0
[30/Aug/2026 08:58:23] "GET /media/products/DRL-1910-0-l-10-5.jpeg HTTP/1.1" 304 0
[30/Aug/2026 08:58:24] "GET /media/products/DRL-1967-0-l-13-3.jpeg HTTP/1.1" 304 0
[30/Aug/2026 08:58:24] "GET /media/products/DRL-1913-0-l-13-4.jpeg HTTP/1.1" 304 0
[30/Aug/2026 08:58:24] "GET /media/products/DRL-1954-0-l-13-2-1.jpeg HTTP/1.1" 304 0
[30/Aug/2026 08:58:24] "GET /media/products/DRL-1912-0-l-12-3.jpeg HTTP/1.1" 304 0
[30/Aug/2026 08:58:24] "GET /en/cart/ HTTP/1.1" 200 24520
[30/Aug/2026 08:58:31] "GET /en/checkout/ HTTP/1.1" 302 0
[30/Aug/2026 08:58:33] "GET /en/login/?next=/en/checkout/ HTTP/1.1" 200 22082
[30/Aug/2026 08:59:04] "POST /en/login/?next=/en/checkout/ HTTP/1.1" 302 0
[30/Aug/2026 08:59:14] "GET /en/checkout/ HTTP/1.1" 200 26321
[30/Aug/2026 08:59:29] "GET /en/cart/ HTTP/1.1" 200 38179
[30/Aug/2026 09:00:10] "GET /en/account/ HTTP/1.1" 200 23101
[30/Aug/2026 09:00:18] "GET /en/cart/ HTTP/1.1" 200 38179
[30/Aug/2026 09:00:22] "GET /en/account/ HTTP/1.1" 200 23101
[30/Aug/2026 09:00:26] "GET /en/logout/ HTTP/1.1" 302 0
[30/Aug/2026 09:00:29] "GET /en/ HTTP/1.1" 200 61203
[30/Aug/2026 09:00:29,522] - Broken pipe from ('127.0.0.1', 50578)
[30/Aug/2026 09:00:29,528] - Broken pipe from ('127.0.0.1', 57913)
[30/Aug/2026 09:00:29] "GET /media/homepage/videos/dr-rashel-hero-video.mp4 HTTP/1.1" 200 43818239
[30/Aug/2026 09:00:30] "GET /media/homepage/videos/ES0177-0182.mp4 HTTP/1.1" 200 33517190
[30/Aug/2026 09:00:43] "POST /en/_/cart/add/ HTTP/1.1" 200 3173
[30/Aug/2026 09:00:46,971] - Broken pipe from ('127.0.0.1', 53563)
[30/Aug/2026 09:00:46,972] - Broken pipe from ('127.0.0.1', 60955)
[30/Aug/2026 09:00:47] "GET /en/account/ HTTP/1.1" 302 0
[30/Aug/2026 09:00:49] "GET /en/login/?next=/en/account/ HTTP/1.1" 200 22079
[30/Aug/2026 09:00:49,783] - Broken pipe from ('127.0.0.1', 61560)
[30/Aug/2026 09:00:49,784] - Broken pipe from ('127.0.0.1', 56103)
[30/Aug/2026 09:01:12,509] - Broken pipe from ('127.0.0.1', 63666)
[30/Aug/2026 09:01:14] "POST /en/login/?next=/en/account/ HTTP/1.1" 302 0
[30/Aug/2026 09:01:16] "GET /en/account/ HTTP/1.1" 200 23101
[30/Aug/2026 09:01:25] "GET /en/cart/ HTTP/1.1" 200 40910
[30/Aug/2026 09:01:40] "GET /en/account/ HTTP/1.1" 200 23101
[30/Aug/2026 09:01:44] "GET /en/logout/ HTTP/1.1" 302 0
[30/Aug/2026 09:01:46] "GET /en/ HTTP/1.1" 200 61203
[30/Aug/2026 09:01:47] "GET /media/homepage/videos/dr-rashel-hero-video.mp4 HTTP/1.1" 200 43818239
[30/Aug/2026 09:01:47] "GET /media/homepage/videos/ES0177-0182.mp4 HTTP/1.1" 200 33517190
[30/Aug/2026 09:01:47,928] - Broken pipe from ('127.0.0.1', 63461)
[30/Aug/2026 09:01:49,248] - Broken pipe from ('127.0.0.1', 58825)
[30/Aug/2026 09:02:00] "POST /en/_/cart/add/ HTTP/1.1" 200 3173
[30/Aug/2026 09:02:06] "GET /en/cart/ HTTP/1.1" 200 24462
[30/Aug/2026 09:02:06,328] - Broken pipe from ('127.0.0.1', 52179)
[30/Aug/2026 09:02:06,332] - Broken pipe from ('127.0.0.1', 57401)
[30/Aug/2026 09:02:11] "GET /en/checkout/ HTTP/1.1" 302 0
[30/Aug/2026 09:02:13] "GET /en/login/?next=/en/checkout/ HTTP/1.1" 200 22082
[30/Aug/2026 09:02:32] "POST /en/login/?next=/en/checkout/ HTTP/1.1" 302 0
[30/Aug/2026 09:02:43] "GET /en/checkout/ HTTP/1.1" 200 26321
[30/Aug/2026 09:02:51] "GET /en/cart/ HTTP/1.1" 200 43626
[30/Aug/2026 09:03:16] "GET /ar/cart/ HTTP/1.1" 200 44463
[30/Aug/2026 09:03:37] "GET /ar/ HTTP/1.1" 200 68966
[30/Aug/2026 09:03:38] "GET /media/homepage/videos/dr-rashel-hero-video.mp4 HTTP/1.1" 200 43818239
[30/Aug/2026 09:03:38] "GET /media/homepage/videos/ES0177-0182.mp4 HTTP/1.1" 200 33517190
[30/Aug/2026 09:03:38,824] - Broken pipe from ('127.0.0.1', 61116)
[30/Aug/2026 09:03:45,516] - Broken pipe from ('127.0.0.1', 61728)
[30/Aug/2026 09:03:49] "POST /ar/_/cart/item/72/remove/ HTTP/1.1" 200 1505
[30/Aug/2026 09:03:55,635] - Broken pipe from ('127.0.0.1', 57296)
[30/Aug/2026 09:03:57] "POST /ar/_/cart/item/79/remove/ HTTP/1.1" 200 1505
[30/Aug/2026 09:04:00] "GET /ar/skin-quiz/ HTTP/1.1" 200 40958
[30/Aug/2026 09:04:00,313] - Broken pipe from ('127.0.0.1', 64159)
